{
    "h5ad input": {
        "content": [
            {
                "0": [
                    [
                        {
                            "id": "test"
                        },
                        "test.h5ad:md5,8f509a7abb7b399fe1cc816b1d43e919"
                    ]
                ],
                "1": [
                    "versions.yml:md5,b5b18fe8dea1a76411050abb82da7150"
                ],
                "h5ad": [
                    [
                        {
                            "id": "test"
                        },
                        "test.h5ad:md5,8f509a7abb7b399fe1cc816b1d43e919"
                    ]
                ],
                "versions": [
                    "versions.yml:md5,b5b18fe8dea1a76411050abb82da7150"
                ]
            }
        ],
        "meta": {
            "nf-test": "0.9.1",
            "nextflow": "24.10.0"
        },
        "timestamp": "2024-11-08T09:49:42.850348211"
    },
    "h5ad input - stub": {
        "content": [
            {
                "0": [
                    [
                        {
                            "id": "test"
                        },
                        "test.h5ad:md5,d41d8cd98f00b204e9800998ecf8427e"
                    ]
                ],
                "1": [
                    "versions.yml:md5,d94831820e0a63480b2b8bd1db5965a2"
                ],
                "h5ad": [
                    [
                        {
                            "id": "test"
                        },
                        "test.h5ad:md5,d41d8cd98f00b204e9800998ecf8427e"
                    ]
                ],
                "versions": [
                    "versions.yml:md5,d94831820e0a63480b2b8bd1db5965a2"
                ]
            }
        ],
        "meta": {
            "nf-test": "0.9.1",
            "nextflow": "24.10.0"
        },
        "timestamp": "2024-11-08T09:50:17.72543765"
    }
}